/do_challenge/Hello_World
/do_challenge/Here_Kitty
/do_challenge/My_buckets_got_a_hole_in_it
/do_challenge/Evenly_Divisible
/do_challenge/ASCII_stuffs
/do_challenge/Summation_as_a_service
/do_challenge/Forwards_is_backwards
/do_challenge/Find_random_stuffs
/do_challenge/Stupid_addition
/do_challenge/Mascii_u_sumthin
/do_challenge/Simple_cipher
/do_challenge/Achy_breaky_new_lines
/do_challenge/Simple_addition
/do_challenge/Binary_mafs
/do_challenge/Hex_mafs
/do_challenge/White_socks_with_boots
/do_challenge/Strange_addition
/do_challenge/Third_letter_is_a_charm
/do_challenge/Scrape_me
/do_challenge/I_can_count_to_potato_and_so_can_you
/do_challenge/Csv_for_the_win
/do_challenge/Confucius_grammar
/do_challenge/Caeser_salad_with_ranch
/do_challenge/Hooked_on_encoding
/do_challenge/Flip_it_and_reverse_it
/do_challenge/Making_Lists_Hard
/do_challenge/Twisted_Letterings
/do_challenge/Word_tumbler
/do_challenge/Double_down_encoding
/do_challenge/Socket_to_me
/do_challenge/Ginsu_slicing
/do_challenge/Split_Hex
/do_challenge/Tally_the_Column
/do_challenge/Stack_the_stacking_stackers
/do_challenge/Ice_ice_pcap
/do_challenge/Radical_encoding
/do_challenge/Socket_to_me_again
/do_challenge/Oddly_fibonacci
/do_challenge/Always_room_for_one_more
/do_challenge/Stuttering_Stanley
/do_challenge/Pure_luck
/do_challenge/Head_games
/do_challenge/Rotten_Pcap
/do_challenge/Crawling_in_the_MUD
/do_challenge/ASCII_stuffs_part_duex
/do_challenge/Hiding_the_hashes
/do_challenge/Tail_of_the_Dragon
/do_challenge/Electric_Maths
/do_challenge/Postage_due
/do_challenge/Symmetric_Addition
/do_challenge/The_shocker
/do_challenge/Last_friday_night_xor
/do_challenge/Letter_Frequency
/do_challenge/Shuffle_it_if_you_got_it
/do_challenge/Never_gonna_give_up_encoding
/do_challenge/Four_letter_words
/do_challenge/I_hate_to_multiply
/do_challenge/Pop_a_pcap
/do_challenge/Good_Luck_PNG
/do_challenge/Me_time_see_time
/do_challenge/Full_metal_XOR
/do_challenge/Pacman_puckman
/do_challenge/Leet_speak_decoder
/do_challenge/The_spaces_are_in_the_flag
/do_challenge/Sir_hash_a_lot
/do_challenge/Beer_run
/do_challenge/Dolphin_encoding
/do_challenge/Netstats_easy_as_a_b_c
/do_challenge/Robin_is_twice_as_good_as_batman
/do_challenge/IP_Finder_and_Validator
/do_challenge/Chattribution
/do_challenge/Apache_log_parser
/do_challenge/Find_the_lucky_wifi
/do_challenge/King_of_the_chill
/do_challenge/Rotate_about_a_fixed_axis
/do_challenge/Chatty_haxXORs
/do_challenge/Encodify
/do_challenge/Hash_me_if_you_can
/do_challenge/Apache_it_all_night_long
/do_challenge/Mission_impossibru
/do_challenge/Flava_flav
/do_challenge/Holy_*****_batman_encoding
